bun test v1.3.10 (30e609e0)

tests\e2e\scenario-lifecycle.test.ts:
(pass) full scenario lifecycle > create ΓåÆ save ΓåÆ recall ΓåÆ handoff ΓåÆ teardown [78.00ms]
(pass) full scenario lifecycle > create ΓåÆ pause ΓåÆ resume ΓåÆ archive lifecycle [47.00ms]
(pass) knowledge entity lifecycle with search > create entities, index them, search, and retrieve [31.00ms]
(pass) built-in skills end-to-end validation > all built-in skills load and validate successfully
(pass) multi-scenario management > manages multiple scenarios simultaneously [47.00ms]

tests\unit\cli-commands.test.ts:
- Recalling scenario nonexistent-scenario-xyzΓÇª
Γ£û Scenario 'nonexistent-scenario-xyz' not found
  Hint: Run devcontext list to see available scenarios.
(pass) CLI error formatting > 'not found' errors include a hint about 'devcontext list' [125.00ms]
(pass) CLI program structure > program name is 'devcontext'
(pass) CLI program structure > program version is 0.1.0
(pass) CLI program structure > has all expected commands
(pass) CLI program structure > init command has no required arguments
(pass) CLI program structure > create command has optional name argument
(pass) CLI program structure > create command has --template option [15.00ms]
(pass) CLI program structure > create command has --description option
(pass) CLI program structure > create command has --interactive option
(pass) CLI program structure > create command has --repo option
(pass) CLI program structure > create command has --skill option
(pass) CLI program structure > recall command has required name argument
(pass) CLI program structure > recall command has --skip-repos option
(pass) CLI program structure > save command has required name argument
(pass) CLI program structure > save command has --summary, --next-step, --blocker, --note options
(pass) CLI program structure > list command has --status option
(pass) CLI program structure > handoff command has --to and --pr options
(pass) CLI program structure > teardown command has -y/--yes option
(pass) CLI program structure > push command has --repo and --branch options [16.00ms]
(pass) CLI program structure > pull command has --repo and --branch options
(pass) CLI program structure > knowledge subcommand has search, list, get, create, delete
(pass) CLI program structure > knowledge search has --limit option
(pass) CLI program structure > knowledge create has --title, --type, --tags, --content options
(pass) CLI init command > creates workspace directories
(pass) CLI init command > creates README.md [16.00ms]
(pass) CLI init command > init is idempotent ΓÇö running twice does not error
- Creating scenario test-apiΓÇª
Γ£ö Created scenario: test-api
(pass) CLI create command > creates a scenario with name and description
- Creating scenario my-web-apiΓÇª
Γ£ö Created scenario: my-web-api
(pass) CLI create command > creates a scenario with a template [15.00ms]
- Creating scenario repo-testΓÇª
Γ£û Invalid scenario: /repos/0/url must match format "uri"
  Hint: Check that the name is kebab-case and all required fields are provided.
